// Jest Snapshot v1, https://goo.gl/fbAQLP

exports[`Pruebas a GifGrid Comprobacion snapshot 1`] = `
<Fragment>
  <h3
    className="animate__animated animate__fadeInDown"
  >
    Hola
  </h3>
  Cargando...
</Fragment>
`;
