// Jest Snapshot v1, https://goo.gl/fbAQLP

exports[`Pruebas a GridItem Debe mostrar el componente correctamente 1`] = `
<div
  className="card animate__animated animate__backInRight"
>
  <img
    alt="Hola"
    height="120px"
    src="https://"
  />
  <br />
  <p>
    Hola
  </p>
</div>
`;
